[yd2s.tech/logo.png]
[backblue.gif]
[fade.gif]
[index.html]
[cdn.jsdelivr.net/npm/tailwindcss@2.2.19/dist/tailwind.min.css]
[yd2s.tech/side1.png]
[yd2s.tech/side2.png]
[yd2s.tech/luckyspin.png]
[yd2s.tech/banner.gif]
[yd2s.tech/banner2.gif]
[yd2s.tech/iDuit88.jpg]
[yd2s.tech/verify.png]
[yd2s.tech/iMenang.jpg]
[yd2s.tech/iJaya88.jpg]
[yd2s.tech/iRinggit88.jpg]
[yd2s.tech/GSC88.jpg]
[yd2s.tech/iBayar.jpg]
[yd2s.tech/iWallet99.jpg]
[yd2s.tech/iMaju88.jpg]
[yd2s.tech/iSport.jpg]
[yd2s.tech/coming.jpg]
[yd2s.tech/game5.jpg]
[yd2s.tech/game6.jpg]
[yd2s.tech/game7.jpg]
[yd2s.tech/game8.jpg]
[yd2s.tech/i-Wallet99.jpg]
[yd2s.tech/iSpeed88.jpg]
[yd2s.tech/ihappy88.jpg]
[yd2s.tech/game1.jpg]
[yd2s.tech/game2.jpg]
[yd2s.tech/game3.jpg]
[yd2s.tech/game4.jpg]
[yd2s.tech/facebook.png]
[yd2s.tech/telegram.png]
[yd2s.tech/twitter.png]
[yd2s.tech/tik-tok.png]
[yd2s.tech/instagram.png]
[yd2s.tech/whatsapp.png]
[yd2s.tech/footer1.png]
[yd2s.tech/footer2.png]
[www.365freecredit.com/index.html]
[cdn.jsdelivr.net/npm/tailwindcss@2.2.19/dist/tailwind.min.css]
[www.365freecredit.com/output.css]
[www.365freecredit.com/style/style.css]
